// Jest Snapshot v1, https://goo.gl/fbAQLP

exports[`Carousel should match the snapshot 1`] = `
ShallowWrapper {
  Symbol(enzyme.__root__): [Circular],
  Symbol(enzyme.__unrendered__): <Carousel
    createPopUp={[MockFunction]}
    genre="Strategy"
    matchingGames={
      Array [
        Object {
          "challenge_level": "average",
          "description": "Don't Be a Loser is a fun party game where you don't have to win but you just don't want to be the BIG LOSER! This game is easy to play and designed with social situations in mind, allowing players to freely leave and come back without interrupting the game!",
          "expansion_pack": false,
          "game": "Don't Be A Loser",
          "genre_ID": Array [
            6,
            11,
            13,
          ],
          "img": "https://cdn.shopify.com/s/files/1/1911/5793/products/DBAL-main-photo-box_350x.jpg?v=1512623523",
          "max_players": 10,
          "min_age": 13,
          "min_players": 4,
          "number_of_minutes": "30",
          "publisher": "All Over The Board",
          "youtube": "ZYvvhOzYx_4",
        },
      ]
    }
    popUpInfo={false}
  />,
  Symbol(enzyme.__renderer__): Object {
    "batchedUpdates": [Function],
    "getNode": [Function],
    "render": [Function],
    "simulateError": [Function],
    "simulateEvent": [Function],
    "unmount": [Function],
  },
  Symbol(enzyme.__node__): Object {
    "instance": null,
    "key": undefined,
    "nodeType": "host",
    "props": Object {
      "children": Array [
        <h4
          className="genre"
        />,
        <i
          className="fas fa-angle-left side-carrot"
          onClick={[Function]}
        />,
        <div
          className="scroll-container"
        >
          <_default
            createPopUp={[MockFunction]}
            game={
              Object {
                "challenge_level": "average",
                "description": "Don't Be a Loser is a fun party game where you don't have to win but you just don't want to be the BIG LOSER! This game is easy to play and designed with social situations in mind, allowing players to freely leave and come back without interrupting the game!",
                "expansion_pack": false,
                "game": "Don't Be A Loser",
                "genre_ID": Array [
                  6,
                  11,
                  13,
                ],
                "img": "https://cdn.shopify.com/s/files/1/1911/5793/products/DBAL-main-photo-box_350x.jpg?v=1512623523",
                "max_players": 10,
                "min_age": 13,
                "min_players": 4,
                "number_of_minutes": "30",
                "publisher": "All Over The Board",
                "youtube": "ZYvvhOzYx_4",
              }
            }
          />
        </div>,
        <i
          className="fas fa-angle-right side-carrot"
          onClick={[Function]}
        />,
        undefined,
      ],
      "className": "Carousel",
      "data-genre": undefined,
    },
    "ref": null,
    "rendered": Array [
      Object {
        "instance": null,
        "key": undefined,
        "nodeType": "host",
        "props": Object {
          "children": undefined,
          "className": "genre",
        },
        "ref": null,
        "rendered": null,
        "type": "h4",
      },
      Object {
        "instance": null,
        "key": undefined,
        "nodeType": "host",
        "props": Object {
          "className": "fas fa-angle-left side-carrot",
          "onClick": [Function],
        },
        "ref": null,
        "rendered": null,
        "type": "i",
      },
      Object {
        "instance": null,
        "key": undefined,
        "nodeType": "host",
        "props": Object {
          "children": Array [
            <_default
              createPopUp={[MockFunction]}
              game={
                Object {
                  "challenge_level": "average",
                  "description": "Don't Be a Loser is a fun party game where you don't have to win but you just don't want to be the BIG LOSER! This game is easy to play and designed with social situations in mind, allowing players to freely leave and come back without interrupting the game!",
                  "expansion_pack": false,
                  "game": "Don't Be A Loser",
                  "genre_ID": Array [
                    6,
                    11,
                    13,
                  ],
                  "img": "https://cdn.shopify.com/s/files/1/1911/5793/products/DBAL-main-photo-box_350x.jpg?v=1512623523",
                  "max_players": 10,
                  "min_age": 13,
                  "min_players": 4,
                  "number_of_minutes": "30",
                  "publisher": "All Over The Board",
                  "youtube": "ZYvvhOzYx_4",
                }
              }
            />,
          ],
          "className": "scroll-container",
        },
        "ref": null,
        "rendered": Array [
          Object {
            "instance": null,
            "key": "uid1",
            "nodeType": "class",
            "props": Object {
              "createPopUp": [MockFunction],
              "game": Object {
                "challenge_level": "average",
                "description": "Don't Be a Loser is a fun party game where you don't have to win but you just don't want to be the BIG LOSER! This game is easy to play and designed with social situations in mind, allowing players to freely leave and come back without interrupting the game!",
                "expansion_pack": false,
                "game": "Don't Be A Loser",
                "genre_ID": Array [
                  6,
                  11,
                  13,
                ],
                "img": "https://cdn.shopify.com/s/files/1/1911/5793/products/DBAL-main-photo-box_350x.jpg?v=1512623523",
                "max_players": 10,
                "min_age": 13,
                "min_players": 4,
                "number_of_minutes": "30",
                "publisher": "All Over The Board",
                "youtube": "ZYvvhOzYx_4",
              },
            },
            "ref": null,
            "rendered": null,
            "type": [Function],
          },
        ],
        "type": "div",
      },
      Object {
        "instance": null,
        "key": undefined,
        "nodeType": "host",
        "props": Object {
          "className": "fas fa-angle-right side-carrot",
          "onClick": [Function],
        },
        "ref": null,
        "rendered": null,
        "type": "i",
      },
      undefined,
    ],
    "type": "nav",
  },
  Symbol(enzyme.__nodes__): Array [
    Object {
      "instance": null,
      "key": undefined,
      "nodeType": "host",
      "props": Object {
        "children": Array [
          <h4
            className="genre"
          />,
          <i
            className="fas fa-angle-left side-carrot"
            onClick={[Function]}
          />,
          <div
            className="scroll-container"
          >
            <_default
              createPopUp={[MockFunction]}
              game={
                Object {
                  "challenge_level": "average",
                  "description": "Don't Be a Loser is a fun party game where you don't have to win but you just don't want to be the BIG LOSER! This game is easy to play and designed with social situations in mind, allowing players to freely leave and come back without interrupting the game!",
                  "expansion_pack": false,
                  "game": "Don't Be A Loser",
                  "genre_ID": Array [
                    6,
                    11,
                    13,
                  ],
                  "img": "https://cdn.shopify.com/s/files/1/1911/5793/products/DBAL-main-photo-box_350x.jpg?v=1512623523",
                  "max_players": 10,
                  "min_age": 13,
                  "min_players": 4,
                  "number_of_minutes": "30",
                  "publisher": "All Over The Board",
                  "youtube": "ZYvvhOzYx_4",
                }
              }
            />
          </div>,
          <i
            className="fas fa-angle-right side-carrot"
            onClick={[Function]}
          />,
          undefined,
        ],
        "className": "Carousel",
        "data-genre": undefined,
      },
      "ref": null,
      "rendered": Array [
        Object {
          "instance": null,
          "key": undefined,
          "nodeType": "host",
          "props": Object {
            "children": undefined,
            "className": "genre",
          },
          "ref": null,
          "rendered": null,
          "type": "h4",
        },
        Object {
          "instance": null,
          "key": undefined,
          "nodeType": "host",
          "props": Object {
            "className": "fas fa-angle-left side-carrot",
            "onClick": [Function],
          },
          "ref": null,
          "rendered": null,
          "type": "i",
        },
        Object {
          "instance": null,
          "key": undefined,
          "nodeType": "host",
          "props": Object {
            "children": Array [
              <_default
                createPopUp={[MockFunction]}
                game={
                  Object {
                    "challenge_level": "average",
                    "description": "Don't Be a Loser is a fun party game where you don't have to win but you just don't want to be the BIG LOSER! This game is easy to play and designed with social situations in mind, allowing players to freely leave and come back without interrupting the game!",
                    "expansion_pack": false,
                    "game": "Don't Be A Loser",
                    "genre_ID": Array [
                      6,
                      11,
                      13,
                    ],
                    "img": "https://cdn.shopify.com/s/files/1/1911/5793/products/DBAL-main-photo-box_350x.jpg?v=1512623523",
                    "max_players": 10,
                    "min_age": 13,
                    "min_players": 4,
                    "number_of_minutes": "30",
                    "publisher": "All Over The Board",
                    "youtube": "ZYvvhOzYx_4",
                  }
                }
              />,
            ],
            "className": "scroll-container",
          },
          "ref": null,
          "rendered": Array [
            Object {
              "instance": null,
              "key": "uid1",
              "nodeType": "class",
              "props": Object {
                "createPopUp": [MockFunction],
                "game": Object {
                  "challenge_level": "average",
                  "description": "Don't Be a Loser is a fun party game where you don't have to win but you just don't want to be the BIG LOSER! This game is easy to play and designed with social situations in mind, allowing players to freely leave and come back without interrupting the game!",
                  "expansion_pack": false,
                  "game": "Don't Be A Loser",
                  "genre_ID": Array [
                    6,
                    11,
                    13,
                  ],
                  "img": "https://cdn.shopify.com/s/files/1/1911/5793/products/DBAL-main-photo-box_350x.jpg?v=1512623523",
                  "max_players": 10,
                  "min_age": 13,
                  "min_players": 4,
                  "number_of_minutes": "30",
                  "publisher": "All Over The Board",
                  "youtube": "ZYvvhOzYx_4",
                },
              },
              "ref": null,
              "rendered": null,
              "type": [Function],
            },
          ],
          "type": "div",
        },
        Object {
          "instance": null,
          "key": undefined,
          "nodeType": "host",
          "props": Object {
            "className": "fas fa-angle-right side-carrot",
            "onClick": [Function],
          },
          "ref": null,
          "rendered": null,
          "type": "i",
        },
        undefined,
      ],
      "type": "nav",
    },
  ],
  Symbol(enzyme.__options__): Object {
    "adapter": ReactSixteenAdapter {
      "options": Object {
        "enableComponentDidUpdateOnSetState": true,
        "lifecycles": Object {
          "componentDidUpdate": Object {
            "onSetState": true,
          },
          "getDerivedStateFromProps": true,
          "getSnapshotBeforeUpdate": true,
          "setState": Object {
            "skipsComponentDidUpdateOnNullish": true,
          },
        },
      },
    },
  },
}
`;
